// Jest Snapshot v1, https://goo.gl/fbAQLP

exports[`Given there is a survey and cases avalible for an editor should display the editor page correctly 1`] = `
{
  "asFragment": [Function],
  "baseElement": <body>
    <div>
      <div
        class="editorContent"
        data-testid="FRS2504A-editorContent"
      >
        <div
          class="ons-panel ons-panel--info ons-panel--no-title  ons-u-mt-m"
        >
          <div
            class="ons-panel__body "
          >
            <dl
              class="ons-metadata ons-metadata__list ons-grid ons-grid--gutterless ons-u-cf ons-u-mb-no"
              data-testid="editorContent-dl"
              style="padding: 0px 0px 15px 5px;"
              title="editorContent"
            >
              <dt
                class="ons-description-list__term ons-grid__col ons-col-5@m"
              >
                Field period:
              </dt>
              <dd
                class="ons-description-list__value ons-grid__col ons-col-7@m"
              >
                <strong>
                  January 2021
                </strong>
              </dd>
              <dt
                class="ons-description-list__term ons-grid__col ons-col-5@m"
              >
                Cases assigned to me:
              </dt>
              <dd
                class="ons-description-list__value ons-grid__col ons-col-7@m"
              >
                <strong>
                  5
                </strong>
              </dd>
            </dl>
          </div>
        </div>
        <div>
          <label
            class="ons-label"
            for="filter-cases"
          >
            Filter cases
             
          </label>
          <select
            class="ons-input "
            id="filter-cases"
            name="select"
          >
            <option
              data-testid="select-filter-cases"
              disabled=""
              value=""
            >
              Select an option
            </option>
            <option
              data-testid="option-filter-cases-in-progress"
              selected=""
              value="in-progress"
            >
              In Progress
            </option>
            <option
              data-testid="option-filter-cases-complete"
              value="complete"
            >
              Complete
            </option>
            <option
              data-testid="option-filter-cases-not-started"
              value="not-started"
            >
              Not Started
            </option>
          </select>
        </div>
        <table
          class="ons-table"
        >
          <thead
            class="ons-table__head"
          >
            <tr
              class="ons-table__row"
            >
              <th
                class="ons-table__header"
                scope="col"
              >
                Case ID
              </th>
              <th
                class="ons-table__header"
                scope="col"
              >
                Status
              </th>
              <th
                class="ons-table__header"
                scope="col"
              />
            </tr>
          </thead>
          <tbody
            class="ons-table__body"
          >
            <tr
              class="ons-table__row"
              data-testid="case-table-row-10001011"
            >
              <td
                class="ons-table__cell"
              >
                10001011
              </td>
              <td
                class="ons-table__cell status"
              >
                3
              </td>
              <td
                class="ons-table__cell links"
              >
                <a
                  class="Edit"
                  href="/summary"
                >
                  Summary
                </a>
                 | 
                <a
                  class="Edit"
                  href="/"
                >
                  Edit
                </a>
              </td>
            </tr>
            <tr
              class="ons-table__row"
              data-testid="case-table-row-10001012"
            >
              <td
                class="ons-table__cell"
              >
                10001012
              </td>
              <td
                class="ons-table__cell status"
              >
                1
              </td>
              <td
                class="ons-table__cell links"
              >
                <a
                  class="Edit"
                  href="/summary"
                >
                  Summary
                </a>
                 | 
                <a
                  class="Edit"
                  href="/"
                >
                  Edit
                </a>
              </td>
            </tr>
            <tr
              class="ons-table__row"
              data-testid="case-table-row-10001013"
            >
              <td
                class="ons-table__cell"
              >
                10001013
              </td>
              <td
                class="ons-table__cell status"
              >
                0
              </td>
              <td
                class="ons-table__cell links"
              >
                <a
                  class="Edit"
                  href="/summary"
                >
                  Summary
                </a>
                 | 
                <a
                  class="Edit"
                  href="/"
                >
                  Edit
                </a>
              </td>
            </tr>
            <tr
              class="ons-table__row"
              data-testid="case-table-row-10001014"
            >
              <td
                class="ons-table__cell"
              >
                10001014
              </td>
              <td
                class="ons-table__cell status"
              >
                3
              </td>
              <td
                class="ons-table__cell links"
              >
                <a
                  class="Edit"
                  href="/summary"
                >
                  Summary
                </a>
                 | 
                <a
                  class="Edit"
                  href="/"
                >
                  Edit
                </a>
              </td>
            </tr>
            <tr
              class="ons-table__row"
              data-testid="case-table-row-10001015"
            >
              <td
                class="ons-table__cell"
              >
                10001015
              </td>
              <td
                class="ons-table__cell status"
              >
                3
              </td>
              <td
                class="ons-table__cell links"
              >
                <a
                  class="Edit"
                  href="/summary"
                >
                  Summary
                </a>
                 | 
                <a
                  class="Edit"
                  href="/"
                >
                  Edit
                </a>
              </td>
            </tr>
          </tbody>
        </table>
      </div>
    </div>
  </body>,
  "container": <div>
    <div
      class="editorContent"
      data-testid="FRS2504A-editorContent"
    >
      <div
        class="ons-panel ons-panel--info ons-panel--no-title  ons-u-mt-m"
      >
        <div
          class="ons-panel__body "
        >
          <dl
            class="ons-metadata ons-metadata__list ons-grid ons-grid--gutterless ons-u-cf ons-u-mb-no"
            data-testid="editorContent-dl"
            style="padding: 0px 0px 15px 5px;"
            title="editorContent"
          >
            <dt
              class="ons-description-list__term ons-grid__col ons-col-5@m"
            >
              Field period:
            </dt>
            <dd
              class="ons-description-list__value ons-grid__col ons-col-7@m"
            >
              <strong>
                January 2021
              </strong>
            </dd>
            <dt
              class="ons-description-list__term ons-grid__col ons-col-5@m"
            >
              Cases assigned to me:
            </dt>
            <dd
              class="ons-description-list__value ons-grid__col ons-col-7@m"
            >
              <strong>
                5
              </strong>
            </dd>
          </dl>
        </div>
      </div>
      <div>
        <label
          class="ons-label"
          for="filter-cases"
        >
          Filter cases
           
        </label>
        <select
          class="ons-input "
          id="filter-cases"
          name="select"
        >
          <option
            data-testid="select-filter-cases"
            disabled=""
            value=""
          >
            Select an option
          </option>
          <option
            data-testid="option-filter-cases-in-progress"
            selected=""
            value="in-progress"
          >
            In Progress
          </option>
          <option
            data-testid="option-filter-cases-complete"
            value="complete"
          >
            Complete
          </option>
          <option
            data-testid="option-filter-cases-not-started"
            value="not-started"
          >
            Not Started
          </option>
        </select>
      </div>
      <table
        class="ons-table"
      >
        <thead
          class="ons-table__head"
        >
          <tr
            class="ons-table__row"
          >
            <th
              class="ons-table__header"
              scope="col"
            >
              Case ID
            </th>
            <th
              class="ons-table__header"
              scope="col"
            >
              Status
            </th>
            <th
              class="ons-table__header"
              scope="col"
            />
          </tr>
        </thead>
        <tbody
          class="ons-table__body"
        >
          <tr
            class="ons-table__row"
            data-testid="case-table-row-10001011"
          >
            <td
              class="ons-table__cell"
            >
              10001011
            </td>
            <td
              class="ons-table__cell status"
            >
              3
            </td>
            <td
              class="ons-table__cell links"
            >
              <a
                class="Edit"
                href="/summary"
              >
                Summary
              </a>
               | 
              <a
                class="Edit"
                href="/"
              >
                Edit
              </a>
            </td>
          </tr>
          <tr
            class="ons-table__row"
            data-testid="case-table-row-10001012"
          >
            <td
              class="ons-table__cell"
            >
              10001012
            </td>
            <td
              class="ons-table__cell status"
            >
              1
            </td>
            <td
              class="ons-table__cell links"
            >
              <a
                class="Edit"
                href="/summary"
              >
                Summary
              </a>
               | 
              <a
                class="Edit"
                href="/"
              >
                Edit
              </a>
            </td>
          </tr>
          <tr
            class="ons-table__row"
            data-testid="case-table-row-10001013"
          >
            <td
              class="ons-table__cell"
            >
              10001013
            </td>
            <td
              class="ons-table__cell status"
            >
              0
            </td>
            <td
              class="ons-table__cell links"
            >
              <a
                class="Edit"
                href="/summary"
              >
                Summary
              </a>
               | 
              <a
                class="Edit"
                href="/"
              >
                Edit
              </a>
            </td>
          </tr>
          <tr
            class="ons-table__row"
            data-testid="case-table-row-10001014"
          >
            <td
              class="ons-table__cell"
            >
              10001014
            </td>
            <td
              class="ons-table__cell status"
            >
              3
            </td>
            <td
              class="ons-table__cell links"
            >
              <a
                class="Edit"
                href="/summary"
              >
                Summary
              </a>
               | 
              <a
                class="Edit"
                href="/"
              >
                Edit
              </a>
            </td>
          </tr>
          <tr
            class="ons-table__row"
            data-testid="case-table-row-10001015"
          >
            <td
              class="ons-table__cell"
            >
              10001015
            </td>
            <td
              class="ons-table__cell status"
            >
              3
            </td>
            <td
              class="ons-table__cell links"
            >
              <a
                class="Edit"
                href="/summary"
              >
                Summary
              </a>
               | 
              <a
                class="Edit"
                href="/"
              >
                Edit
              </a>
            </td>
          </tr>
        </tbody>
      </table>
    </div>
  </div>,
  "debug": [Function],
  "findAllByAltText": [Function],
  "findAllByDisplayValue": [Function],
  "findAllByLabelText": [Function],
  "findAllByPlaceholderText": [Function],
  "findAllByRole": [Function],
  "findAllByTestId": [Function],
  "findAllByText": [Function],
  "findAllByTitle": [Function],
  "findByAltText": [Function],
  "findByDisplayValue": [Function],
  "findByLabelText": [Function],
  "findByPlaceholderText": [Function],
  "findByRole": [Function],
  "findByTestId": [Function],
  "findByText": [Function],
  "findByTitle": [Function],
  "getAllByAltText": [Function],
  "getAllByDisplayValue": [Function],
  "getAllByLabelText": [Function],
  "getAllByPlaceholderText": [Function],
  "getAllByRole": [Function],
  "getAllByTestId": [Function],
  "getAllByText": [Function],
  "getAllByTitle": [Function],
  "getByAltText": [Function],
  "getByDisplayValue": [Function],
  "getByLabelText": [Function],
  "getByPlaceholderText": [Function],
  "getByRole": [Function],
  "getByTestId": [Function],
  "getByText": [Function],
  "getByTitle": [Function],
  "queryAllByAltText": [Function],
  "queryAllByDisplayValue": [Function],
  "queryAllByLabelText": [Function],
  "queryAllByPlaceholderText": [Function],
  "queryAllByRole": [Function],
  "queryAllByTestId": [Function],
  "queryAllByText": [Function],
  "queryAllByTitle": [Function],
  "queryByAltText": [Function],
  "queryByDisplayValue": [Function],
  "queryByLabelText": [Function],
  "queryByPlaceholderText": [Function],
  "queryByRole": [Function],
  "queryByTestId": [Function],
  "queryByText": [Function],
  "queryByTitle": [Function],
  "rerender": [Function],
  "unmount": [Function],
}
`;
