// Jest Snapshot v1, https://goo.gl/fbAQLP

exports[`Given there is a case available in blaise for a questionnaire should display the summary correctly 1`] = `
{
  "asFragment": [Function],
  "baseElement": <body>
    <div>
      <div
        data-testid="Summary"
      >
        <div
          class="ons-panel ons-panel--info ons-panel--no-title  ons-u-mt-m"
        >
          <div
            class="ons-panel__body "
          >
            Case summary for
             
            <strong>
              9001
            </strong>
             
            completed by
             
            <strong>
              Rich
            </strong>
          </div>
        </div>
        <dl
          class="ons-metadata ons-metadata__list ons-grid ons-grid--gutterless ons-u-cf ons-u-mb-no"
          style="margin: 2% 5% 2% 5%;"
          title="summary"
        >
          <dt
            class="ons-metadata__term ons-grid__col ons-col-3@m"
          >
            Serial Number
          </dt>
          <dd
            class="ons-metadata__value ons-grid__col ons-col-9@m"
          >
            9001
          </dd>
          <dt
            class="ons-metadata__term ons-grid__col ons-col-3@m"
          >
            Outcome code
          </dt>
          <dd
            class="ons-metadata__value ons-grid__col ons-col-9@m"
          >
            110
          </dd>
          <dt
            class="ons-metadata__term ons-grid__col ons-col-3@m"
          >
            Interview date
          </dt>
          <dd
            class="ons-metadata__value ons-grid__col ons-col-9@m"
          >
            Sat May 11 2024
          </dd>
          <dt
            class="ons-metadata__term ons-grid__col ons-col-3@m"
          >
            District
          </dt>
          <dd
            class="ons-metadata__value ons-grid__col ons-col-9@m"
          >
            Gwent
          </dd>
          <dt
            class="ons-metadata__term ons-grid__col ons-col-3@m"
          >
            Interviewer name
          </dt>
          <dd
            class="ons-metadata__value ons-grid__col ons-col-9@m"
          >
            Rich
          </dd>
        </dl>
        <br />
        <table
          class="ons-table"
          data-testid="Respondents-table"
          id="Respondents-table"
        >
          <caption
            class="table__caption"
          >
            Relationship Grid
          </caption>
          <thead
            class="ons-table__head"
          >
            <tr
              class="ons-table__row"
            >
              <th
                class="ons-table__header"
                scope="col"
              />
              <th
                class="ons-table__header"
                scope="col"
              >
                Name
              </th>
              <th
                class="ons-table__header"
                scope="col"
              >
                BU
              </th>
              <th
                class="ons-table__header"
                scope="col"
              >
                Sex
              </th>
              <th
                class="ons-table__header"
                scope="col"
              >
                DOB
              </th>
              <th
                class="ons-table__header"
                scope="col"
              >
                Marital status
              </th>
              <th
                class="ons-table__header"
                scope="col"
              >
                1
              </th>
              <th
                class="ons-table__header"
                scope="col"
              >
                2
              </th>
              <th
                class="ons-table__header"
                scope="col"
              >
                3
              </th>
              <th
                class="ons-table__header"
                scope="col"
              >
                4
              </th>
              <th
                class="ons-table__header"
                scope="col"
              >
                5
              </th>
              <th
                class="ons-table__header"
                scope="col"
              >
                6
              </th>
            </tr>
          </thead>
          <tbody
            class="ons-table__body"
          >
            <tr
              class="ons-table__row"
            >
              <td
                aria-label="RespondentNumber-0"
                class="ons-table__cell"
              >
                1
              </td>
              <td
                aria-label="RespondentName-0"
                class="ons-table__cell status"
              >
                Richmond Ricecake
              </td>
              <td
                aria-label="BenefitUnit-0"
                class="ons-table__cell"
              >
                1
              </td>
              <td
                aria-label="Sex-0"
                class="ons-table__cell"
              >
                M
              </td>
              <td
                aria-label="DateOfBirth-0"
                class="ons-table__cell"
              >
                Tue Jan 15 1980
              </td>
              <td
                aria-label="$MaritalStatus-0"
                class="ons-table__cell"
              >
                COH
              </td>
              <td
                aria-label="Relationship-0"
                class="ons-table__cell"
              >
                *
              </td>
              <td
                aria-label="Relationship-1"
                class="ons-table__cell"
              >
                15
              </td>
              <td
                aria-label="Relationship-2"
                class="ons-table__cell"
              >
                12
              </td>
              <td
                aria-label="Relationship-3"
                class="ons-table__cell"
              >
                4
              </td>
              <td
                aria-label="Relationship-4"
                class="ons-table__cell"
              >
                6
              </td>
              <td
                aria-label="Relationship-5"
                class="ons-table__cell"
              >
                1
              </td>
            </tr>
            <tr
              class="ons-table__row"
            >
              <td
                aria-label="RespondentNumber-1"
                class="ons-table__cell"
              >
                2
              </td>
              <td
                aria-label="RespondentName-1"
                class="ons-table__cell status"
              >
                Betty Bettison
              </td>
              <td
                aria-label="BenefitUnit-1"
                class="ons-table__cell"
              >
                1
              </td>
              <td
                aria-label="Sex-1"
                class="ons-table__cell"
              >
                F
              </td>
              <td
                aria-label="DateOfBirth-1"
                class="ons-table__cell"
              >
                Sun Jun 11 1995
              </td>
              <td
                aria-label="$MaritalStatus-1"
                class="ons-table__cell"
              >
                COH
              </td>
              <td
                aria-label="Relationship-0"
                class="ons-table__cell"
              >
                4
              </td>
              <td
                aria-label="Relationship-1"
                class="ons-table__cell"
              >
                *
              </td>
              <td
                aria-label="Relationship-2"
                class="ons-table__cell"
              >
                20
              </td>
              <td
                aria-label="Relationship-3"
                class="ons-table__cell"
              >
                3
              </td>
              <td
                aria-label="Relationship-4"
                class="ons-table__cell"
              >
                3
              </td>
              <td
                aria-label="Relationship-5"
                class="ons-table__cell"
              >
                17
              </td>
            </tr>
            <tr
              class="ons-table__row"
            >
              <td
                aria-label="RespondentNumber-2"
                class="ons-table__cell"
              >
                3
              </td>
              <td
                aria-label="RespondentName-2"
                class="ons-table__cell status"
              >
                Bobby Bobbington
              </td>
              <td
                aria-label="BenefitUnit-2"
                class="ons-table__cell"
              >
                2
              </td>
              <td
                aria-label="Sex-2"
                class="ons-table__cell"
              >
                M
              </td>
              <td
                aria-label="DateOfBirth-2"
                class="ons-table__cell"
              >
                Tue Jan 15 1980
              </td>
              <td
                aria-label="$MaritalStatus-2"
                class="ons-table__cell"
              >
                COH
              </td>
              <td
                aria-label="Relationship-0"
                class="ons-table__cell"
              >
                10
              </td>
              <td
                aria-label="Relationship-1"
                class="ons-table__cell"
              >
                2
              </td>
              <td
                aria-label="Relationship-2"
                class="ons-table__cell"
              >
                *
              </td>
              <td
                aria-label="Relationship-3"
                class="ons-table__cell"
              >
                8
              </td>
              <td
                aria-label="Relationship-4"
                class="ons-table__cell"
              >
                8
              </td>
              <td
                aria-label="Relationship-5"
                class="ons-table__cell"
              >
                1
              </td>
            </tr>
            <tr
              class="ons-table__row"
            >
              <td
                aria-label="RespondentNumber-3"
                class="ons-table__cell"
              >
                4
              </td>
              <td
                aria-label="RespondentName-3"
                class="ons-table__cell status"
              >
                Caroline Carrot
              </td>
              <td
                aria-label="BenefitUnit-3"
                class="ons-table__cell"
              >
                2
              </td>
              <td
                aria-label="Sex-3"
                class="ons-table__cell"
              >
                F
              </td>
              <td
                aria-label="DateOfBirth-3"
                class="ons-table__cell"
              >
                Sun Jun 11 1995
              </td>
              <td
                aria-label="$MaritalStatus-3"
                class="ons-table__cell"
              >
                COH
              </td>
              <td
                aria-label="Relationship-0"
                class="ons-table__cell"
              >
                1
              </td>
              <td
                aria-label="Relationship-1"
                class="ons-table__cell"
              >
                1
              </td>
              <td
                aria-label="Relationship-2"
                class="ons-table__cell"
              >
                12
              </td>
              <td
                aria-label="Relationship-3"
                class="ons-table__cell"
              >
                *
              </td>
              <td
                aria-label="Relationship-4"
                class="ons-table__cell"
              >
                14
              </td>
              <td
                aria-label="Relationship-5"
                class="ons-table__cell"
              >
                7
              </td>
            </tr>
            <tr
              class="ons-table__row"
            >
              <td
                aria-label="RespondentNumber-4"
                class="ons-table__cell"
              >
                5
              </td>
              <td
                aria-label="RespondentName-4"
                class="ons-table__cell status"
              >
                Frank Frank
              </td>
              <td
                aria-label="BenefitUnit-4"
                class="ons-table__cell"
              >
                3
              </td>
              <td
                aria-label="Sex-4"
                class="ons-table__cell"
              >
                M
              </td>
              <td
                aria-label="DateOfBirth-4"
                class="ons-table__cell"
              >
                Tue Jan 15 1980
              </td>
              <td
                aria-label="$MaritalStatus-4"
                class="ons-table__cell"
              >
                COH
              </td>
              <td
                aria-label="Relationship-0"
                class="ons-table__cell"
              >
                16
              </td>
              <td
                aria-label="Relationship-1"
                class="ons-table__cell"
              >
                14
              </td>
              <td
                aria-label="Relationship-2"
                class="ons-table__cell"
              >
                3
              </td>
              <td
                aria-label="Relationship-3"
                class="ons-table__cell"
              >
                4
              </td>
              <td
                aria-label="Relationship-4"
                class="ons-table__cell"
              >
                *
              </td>
              <td
                aria-label="Relationship-5"
                class="ons-table__cell"
              >
                8
              </td>
            </tr>
            <tr
              class="ons-table__row"
            >
              <td
                aria-label="RespondentNumber-5"
                class="ons-table__cell"
              >
                6
              </td>
              <td
                aria-label="RespondentName-5"
                class="ons-table__cell status"
              >
                Maggie Magpie
              </td>
              <td
                aria-label="BenefitUnit-5"
                class="ons-table__cell"
              >
                3
              </td>
              <td
                aria-label="Sex-5"
                class="ons-table__cell"
              >
                F
              </td>
              <td
                aria-label="DateOfBirth-5"
                class="ons-table__cell"
              >
                Sun Jun 11 1995
              </td>
              <td
                aria-label="$MaritalStatus-5"
                class="ons-table__cell"
              >
                COH
              </td>
              <td
                aria-label="Relationship-0"
                class="ons-table__cell"
              >
                15
              </td>
              <td
                aria-label="Relationship-1"
                class="ons-table__cell"
              >
                20
              </td>
              <td
                aria-label="Relationship-2"
                class="ons-table__cell"
              >
                3
              </td>
              <td
                aria-label="Relationship-3"
                class="ons-table__cell"
              >
                5
              </td>
              <td
                aria-label="Relationship-4"
                class="ons-table__cell"
              >
                9
              </td>
              <td
                aria-label="Relationship-5"
                class="ons-table__cell"
              >
                *
              </td>
            </tr>
          </tbody>
        </table>
      </div>
    </div>
  </body>,
  "container": <div>
    <div
      data-testid="Summary"
    >
      <div
        class="ons-panel ons-panel--info ons-panel--no-title  ons-u-mt-m"
      >
        <div
          class="ons-panel__body "
        >
          Case summary for
           
          <strong>
            9001
          </strong>
           
          completed by
           
          <strong>
            Rich
          </strong>
        </div>
      </div>
      <dl
        class="ons-metadata ons-metadata__list ons-grid ons-grid--gutterless ons-u-cf ons-u-mb-no"
        style="margin: 2% 5% 2% 5%;"
        title="summary"
      >
        <dt
          class="ons-metadata__term ons-grid__col ons-col-3@m"
        >
          Serial Number
        </dt>
        <dd
          class="ons-metadata__value ons-grid__col ons-col-9@m"
        >
          9001
        </dd>
        <dt
          class="ons-metadata__term ons-grid__col ons-col-3@m"
        >
          Outcome code
        </dt>
        <dd
          class="ons-metadata__value ons-grid__col ons-col-9@m"
        >
          110
        </dd>
        <dt
          class="ons-metadata__term ons-grid__col ons-col-3@m"
        >
          Interview date
        </dt>
        <dd
          class="ons-metadata__value ons-grid__col ons-col-9@m"
        >
          Sat May 11 2024
        </dd>
        <dt
          class="ons-metadata__term ons-grid__col ons-col-3@m"
        >
          District
        </dt>
        <dd
          class="ons-metadata__value ons-grid__col ons-col-9@m"
        >
          Gwent
        </dd>
        <dt
          class="ons-metadata__term ons-grid__col ons-col-3@m"
        >
          Interviewer name
        </dt>
        <dd
          class="ons-metadata__value ons-grid__col ons-col-9@m"
        >
          Rich
        </dd>
      </dl>
      <br />
      <table
        class="ons-table"
        data-testid="Respondents-table"
        id="Respondents-table"
      >
        <caption
          class="table__caption"
        >
          Relationship Grid
        </caption>
        <thead
          class="ons-table__head"
        >
          <tr
            class="ons-table__row"
          >
            <th
              class="ons-table__header"
              scope="col"
            />
            <th
              class="ons-table__header"
              scope="col"
            >
              Name
            </th>
            <th
              class="ons-table__header"
              scope="col"
            >
              BU
            </th>
            <th
              class="ons-table__header"
              scope="col"
            >
              Sex
            </th>
            <th
              class="ons-table__header"
              scope="col"
            >
              DOB
            </th>
            <th
              class="ons-table__header"
              scope="col"
            >
              Marital status
            </th>
            <th
              class="ons-table__header"
              scope="col"
            >
              1
            </th>
            <th
              class="ons-table__header"
              scope="col"
            >
              2
            </th>
            <th
              class="ons-table__header"
              scope="col"
            >
              3
            </th>
            <th
              class="ons-table__header"
              scope="col"
            >
              4
            </th>
            <th
              class="ons-table__header"
              scope="col"
            >
              5
            </th>
            <th
              class="ons-table__header"
              scope="col"
            >
              6
            </th>
          </tr>
        </thead>
        <tbody
          class="ons-table__body"
        >
          <tr
            class="ons-table__row"
          >
            <td
              aria-label="RespondentNumber-0"
              class="ons-table__cell"
            >
              1
            </td>
            <td
              aria-label="RespondentName-0"
              class="ons-table__cell status"
            >
              Richmond Ricecake
            </td>
            <td
              aria-label="BenefitUnit-0"
              class="ons-table__cell"
            >
              1
            </td>
            <td
              aria-label="Sex-0"
              class="ons-table__cell"
            >
              M
            </td>
            <td
              aria-label="DateOfBirth-0"
              class="ons-table__cell"
            >
              Tue Jan 15 1980
            </td>
            <td
              aria-label="$MaritalStatus-0"
              class="ons-table__cell"
            >
              COH
            </td>
            <td
              aria-label="Relationship-0"
              class="ons-table__cell"
            >
              *
            </td>
            <td
              aria-label="Relationship-1"
              class="ons-table__cell"
            >
              15
            </td>
            <td
              aria-label="Relationship-2"
              class="ons-table__cell"
            >
              12
            </td>
            <td
              aria-label="Relationship-3"
              class="ons-table__cell"
            >
              4
            </td>
            <td
              aria-label="Relationship-4"
              class="ons-table__cell"
            >
              6
            </td>
            <td
              aria-label="Relationship-5"
              class="ons-table__cell"
            >
              1
            </td>
          </tr>
          <tr
            class="ons-table__row"
          >
            <td
              aria-label="RespondentNumber-1"
              class="ons-table__cell"
            >
              2
            </td>
            <td
              aria-label="RespondentName-1"
              class="ons-table__cell status"
            >
              Betty Bettison
            </td>
            <td
              aria-label="BenefitUnit-1"
              class="ons-table__cell"
            >
              1
            </td>
            <td
              aria-label="Sex-1"
              class="ons-table__cell"
            >
              F
            </td>
            <td
              aria-label="DateOfBirth-1"
              class="ons-table__cell"
            >
              Sun Jun 11 1995
            </td>
            <td
              aria-label="$MaritalStatus-1"
              class="ons-table__cell"
            >
              COH
            </td>
            <td
              aria-label="Relationship-0"
              class="ons-table__cell"
            >
              4
            </td>
            <td
              aria-label="Relationship-1"
              class="ons-table__cell"
            >
              *
            </td>
            <td
              aria-label="Relationship-2"
              class="ons-table__cell"
            >
              20
            </td>
            <td
              aria-label="Relationship-3"
              class="ons-table__cell"
            >
              3
            </td>
            <td
              aria-label="Relationship-4"
              class="ons-table__cell"
            >
              3
            </td>
            <td
              aria-label="Relationship-5"
              class="ons-table__cell"
            >
              17
            </td>
          </tr>
          <tr
            class="ons-table__row"
          >
            <td
              aria-label="RespondentNumber-2"
              class="ons-table__cell"
            >
              3
            </td>
            <td
              aria-label="RespondentName-2"
              class="ons-table__cell status"
            >
              Bobby Bobbington
            </td>
            <td
              aria-label="BenefitUnit-2"
              class="ons-table__cell"
            >
              2
            </td>
            <td
              aria-label="Sex-2"
              class="ons-table__cell"
            >
              M
            </td>
            <td
              aria-label="DateOfBirth-2"
              class="ons-table__cell"
            >
              Tue Jan 15 1980
            </td>
            <td
              aria-label="$MaritalStatus-2"
              class="ons-table__cell"
            >
              COH
            </td>
            <td
              aria-label="Relationship-0"
              class="ons-table__cell"
            >
              10
            </td>
            <td
              aria-label="Relationship-1"
              class="ons-table__cell"
            >
              2
            </td>
            <td
              aria-label="Relationship-2"
              class="ons-table__cell"
            >
              *
            </td>
            <td
              aria-label="Relationship-3"
              class="ons-table__cell"
            >
              8
            </td>
            <td
              aria-label="Relationship-4"
              class="ons-table__cell"
            >
              8
            </td>
            <td
              aria-label="Relationship-5"
              class="ons-table__cell"
            >
              1
            </td>
          </tr>
          <tr
            class="ons-table__row"
          >
            <td
              aria-label="RespondentNumber-3"
              class="ons-table__cell"
            >
              4
            </td>
            <td
              aria-label="RespondentName-3"
              class="ons-table__cell status"
            >
              Caroline Carrot
            </td>
            <td
              aria-label="BenefitUnit-3"
              class="ons-table__cell"
            >
              2
            </td>
            <td
              aria-label="Sex-3"
              class="ons-table__cell"
            >
              F
            </td>
            <td
              aria-label="DateOfBirth-3"
              class="ons-table__cell"
            >
              Sun Jun 11 1995
            </td>
            <td
              aria-label="$MaritalStatus-3"
              class="ons-table__cell"
            >
              COH
            </td>
            <td
              aria-label="Relationship-0"
              class="ons-table__cell"
            >
              1
            </td>
            <td
              aria-label="Relationship-1"
              class="ons-table__cell"
            >
              1
            </td>
            <td
              aria-label="Relationship-2"
              class="ons-table__cell"
            >
              12
            </td>
            <td
              aria-label="Relationship-3"
              class="ons-table__cell"
            >
              *
            </td>
            <td
              aria-label="Relationship-4"
              class="ons-table__cell"
            >
              14
            </td>
            <td
              aria-label="Relationship-5"
              class="ons-table__cell"
            >
              7
            </td>
          </tr>
          <tr
            class="ons-table__row"
          >
            <td
              aria-label="RespondentNumber-4"
              class="ons-table__cell"
            >
              5
            </td>
            <td
              aria-label="RespondentName-4"
              class="ons-table__cell status"
            >
              Frank Frank
            </td>
            <td
              aria-label="BenefitUnit-4"
              class="ons-table__cell"
            >
              3
            </td>
            <td
              aria-label="Sex-4"
              class="ons-table__cell"
            >
              M
            </td>
            <td
              aria-label="DateOfBirth-4"
              class="ons-table__cell"
            >
              Tue Jan 15 1980
            </td>
            <td
              aria-label="$MaritalStatus-4"
              class="ons-table__cell"
            >
              COH
            </td>
            <td
              aria-label="Relationship-0"
              class="ons-table__cell"
            >
              16
            </td>
            <td
              aria-label="Relationship-1"
              class="ons-table__cell"
            >
              14
            </td>
            <td
              aria-label="Relationship-2"
              class="ons-table__cell"
            >
              3
            </td>
            <td
              aria-label="Relationship-3"
              class="ons-table__cell"
            >
              4
            </td>
            <td
              aria-label="Relationship-4"
              class="ons-table__cell"
            >
              *
            </td>
            <td
              aria-label="Relationship-5"
              class="ons-table__cell"
            >
              8
            </td>
          </tr>
          <tr
            class="ons-table__row"
          >
            <td
              aria-label="RespondentNumber-5"
              class="ons-table__cell"
            >
              6
            </td>
            <td
              aria-label="RespondentName-5"
              class="ons-table__cell status"
            >
              Maggie Magpie
            </td>
            <td
              aria-label="BenefitUnit-5"
              class="ons-table__cell"
            >
              3
            </td>
            <td
              aria-label="Sex-5"
              class="ons-table__cell"
            >
              F
            </td>
            <td
              aria-label="DateOfBirth-5"
              class="ons-table__cell"
            >
              Sun Jun 11 1995
            </td>
            <td
              aria-label="$MaritalStatus-5"
              class="ons-table__cell"
            >
              COH
            </td>
            <td
              aria-label="Relationship-0"
              class="ons-table__cell"
            >
              15
            </td>
            <td
              aria-label="Relationship-1"
              class="ons-table__cell"
            >
              20
            </td>
            <td
              aria-label="Relationship-2"
              class="ons-table__cell"
            >
              3
            </td>
            <td
              aria-label="Relationship-3"
              class="ons-table__cell"
            >
              5
            </td>
            <td
              aria-label="Relationship-4"
              class="ons-table__cell"
            >
              9
            </td>
            <td
              aria-label="Relationship-5"
              class="ons-table__cell"
            >
              *
            </td>
          </tr>
        </tbody>
      </table>
    </div>
  </div>,
  "debug": [Function],
  "findAllByAltText": [Function],
  "findAllByDisplayValue": [Function],
  "findAllByLabelText": [Function],
  "findAllByPlaceholderText": [Function],
  "findAllByRole": [Function],
  "findAllByTestId": [Function],
  "findAllByText": [Function],
  "findAllByTitle": [Function],
  "findByAltText": [Function],
  "findByDisplayValue": [Function],
  "findByLabelText": [Function],
  "findByPlaceholderText": [Function],
  "findByRole": [Function],
  "findByTestId": [Function],
  "findByText": [Function],
  "findByTitle": [Function],
  "getAllByAltText": [Function],
  "getAllByDisplayValue": [Function],
  "getAllByLabelText": [Function],
  "getAllByPlaceholderText": [Function],
  "getAllByRole": [Function],
  "getAllByTestId": [Function],
  "getAllByText": [Function],
  "getAllByTitle": [Function],
  "getByAltText": [Function],
  "getByDisplayValue": [Function],
  "getByLabelText": [Function],
  "getByPlaceholderText": [Function],
  "getByRole": [Function],
  "getByTestId": [Function],
  "getByText": [Function],
  "getByTitle": [Function],
  "queryAllByAltText": [Function],
  "queryAllByDisplayValue": [Function],
  "queryAllByLabelText": [Function],
  "queryAllByPlaceholderText": [Function],
  "queryAllByRole": [Function],
  "queryAllByTestId": [Function],
  "queryAllByText": [Function],
  "queryAllByTitle": [Function],
  "queryByAltText": [Function],
  "queryByDisplayValue": [Function],
  "queryByLabelText": [Function],
  "queryByPlaceholderText": [Function],
  "queryByRole": [Function],
  "queryByTestId": [Function],
  "queryByText": [Function],
  "queryByTitle": [Function],
  "rerender": [Function],
  "unmount": [Function],
}
`;
