// Jest Snapshot v1, https://goo.gl/fbAQLP

exports[`Given there is a case available in blaise for a questionnaire should display the summary correctly 1`] = `
{
  "asFragment": [Function],
  "baseElement": <body>
    <div>
      <div
        data-testid="Summary"
      >
        <div
          class="ons-panel ons-panel--info ons-panel--no-title  ons-u-mt-m"
        >
          <div
            class="ons-panel__body "
          >
            Case summary for
             
            <strong>
              90001
            </strong>
             
            completed by
             
            <strong>
              Rich
            </strong>
          </div>
        </div>
        <dl
          class="ons-metadata ons-metadata__list ons-grid ons-grid--gutterless ons-u-cf ons-u-mb-no"
          style="margin: 2% 5% 2% 5%;"
          title="summary"
        >
          <dt
            class="ons-metadata__term ons-grid__col ons-col-3@m"
          >
            Serial Number
          </dt>
          <dd
            class="ons-metadata__value ons-grid__col ons-col-9@m"
          >
            90001
          </dd>
          <dt
            class="ons-metadata__term ons-grid__col ons-col-3@m"
          >
            Outcome code
          </dt>
          <dd
            class="ons-metadata__value ons-grid__col ons-col-9@m"
          >
            110
          </dd>
          <dt
            class="ons-metadata__term ons-grid__col ons-col-3@m"
          >
            Interview date
          </dt>
          <dd
            class="ons-metadata__value ons-grid__col ons-col-9@m"
          >
            Tue Jun 11 2024
          </dd>
          <dt
            class="ons-metadata__term ons-grid__col ons-col-3@m"
          >
            District
          </dt>
          <dd
            class="ons-metadata__value ons-grid__col ons-col-9@m"
          >
            Gwent
          </dd>
          <dt
            class="ons-metadata__term ons-grid__col ons-col-3@m"
          >
            Interviewer number
          </dt>
          <dd
            class="ons-metadata__value ons-grid__col ons-col-9@m"
          >
            2100
          </dd>
          <dt
            class="ons-metadata__term ons-grid__col ons-col-3@m"
          >
            Interviewer name
          </dt>
          <dd
            class="ons-metadata__value ons-grid__col ons-col-9@m"
          >
            Rich
          </dd>
          <dt
            class="ons-metadata__term ons-grid__col ons-col-3@m"
          >
            Address:
          </dt>
          <dd
            class="ons-metadata__value ons-grid__col ons-col-9@m"
          >
            Flat 1
          </dd>
          <dd
            class="ons-metadata__value ons-grid__col ons-col-9@m"
          >
            Richmond House
          </dd>
          <dd
            class="ons-metadata__value ons-grid__col ons-col-9@m"
          >
            Rice Road
          </dd>
          <dd
            class="ons-metadata__value ons-grid__col ons-col-9@m"
          >
            Duffrin
          </dd>
          <dd
            class="ons-metadata__value ons-grid__col ons-col-9@m"
          >
            Newport
          </dd>
          <dd
            class="ons-metadata__value ons-grid__col ons-col-9@m"
          >
            Gwent
          </dd>
          <dd
            class="ons-metadata__value ons-grid__col ons-col-9@m"
          >
            NZ11 4PD
          </dd>
          <dt
            class="ons-metadata__term ons-grid__col ons-col-3@m"
          >
            Type of accommodation
          </dt>
          <dd
            class="ons-metadata__value ons-grid__col ons-col-9@m"
          />
          <dt
            class="ons-metadata__term ons-grid__col ons-col-3@m"
          >
            Floor number
          </dt>
          <dd
            class="ons-metadata__value ons-grid__col ons-col-9@m"
          >
            0
          </dd>
          <dt
            class="ons-metadata__term ons-grid__col ons-col-3@m"
          >
            Household status
          </dt>
          <dd
            class="ons-metadata__value ons-grid__col ons-col-9@m"
          />
          <dt
            class="ons-metadata__term ons-grid__col ons-col-3@m"
          >
            Number of bedrooms
          </dt>
          <dd
            class="ons-metadata__value ons-grid__col ons-col-9@m"
          >
            1
          </dd>
          <dt
            class="ons-metadata__term ons-grid__col ons-col-3@m"
          >
            Receipt of housing benefit
          </dt>
          <dd
            class="ons-metadata__value ons-grid__col ons-col-9@m"
          >
            380
          </dd>
          <dt
            class="ons-metadata__term ons-grid__col ons-col-3@m"
          >
            Period code
          </dt>
          <dd
            class="ons-metadata__value ons-grid__col ons-col-9@m"
          >
            380
          </dd>
          <dt
            class="ons-metadata__term ons-grid__col ons-col-3@m"
          >
            Council tax band
          </dt>
          <dd
            class="ons-metadata__value ons-grid__col ons-col-9@m"
          >
            band A
          </dd>
          <dt
            class="ons-metadata__term ons-grid__col ons-col-3@m"
          >
            Business room?
          </dt>
          <dd
            class="ons-metadata__value ons-grid__col ons-col-9@m"
          />
          <dt
            class="ons-metadata__term ons-grid__col ons-col-3@m"
          >
            Anyone self emplyed?
          </dt>
          <dd
            class="ons-metadata__value ons-grid__col ons-col-9@m"
          />
          <dt
            class="ons-metadata__term ons-grid__col ons-col-3@m"
          >
            H/H members
          </dt>
          <dd
            class="ons-metadata__value ons-grid__col ons-col-9@m"
          />
          <dt
            class="ons-metadata__term ons-grid__col ons-col-3@m"
          >
            Income support received now
          </dt>
          <dd
            class="ons-metadata__value ons-grid__col ons-col-9@m"
          />
          <dt
            class="ons-metadata__term ons-grid__col ons-col-3@m"
          >
            H/H members
          </dt>
          <dd
            class="ons-metadata__value ons-grid__col ons-col-9@m"
          />
          <dt
            class="ons-metadata__term ons-grid__col ons-col-3@m"
          >
            Income based JA received now
          </dt>
          <dd
            class="ons-metadata__value ons-grid__col ons-col-9@m"
          />
          <dt
            class="ons-metadata__term ons-grid__col ons-col-3@m"
          >
            H/H members
          </dt>
          <dd
            class="ons-metadata__value ons-grid__col ons-col-9@m"
          />
          <dt
            class="ons-metadata__term ons-grid__col ons-col-3@m"
          >
            Household size:
          </dt>
          <dd
            class="ons-metadata__value ons-grid__col ons-col-9@m"
          >
            2
          </dd>
          <dt
            class="ons-metadata__term ons-grid__col ons-col-3@m"
          >
            Respondents:
          </dt>
          <dd
            class="ons-metadata__value ons-grid__col ons-col-9@m"
          >
            Richmond Ricecake
             
            Fri Feb 15 1980
          </dd>
          <dd
            class="ons-metadata__value ons-grid__col ons-col-9@m"
          >
            Bartholomew Edgar
             
            Sun Jun 11 1995
          </dd>
          <dt
            class="ons-metadata__term ons-grid__col ons-col-3@m"
          >
            Notes:
          </dt>
          <dd
            class="ons-metadata__value ons-grid__col ons-col-9@m"
          >
            These are the notes that the editor has made and has been extracted from the quetsionnarie. They may be able to be edited and saved again in this screen. If this is what you wish to do?
          </dd>
        </dl>
      </div>
    </div>
  </body>,
  "container": <div>
    <div
      data-testid="Summary"
    >
      <div
        class="ons-panel ons-panel--info ons-panel--no-title  ons-u-mt-m"
      >
        <div
          class="ons-panel__body "
        >
          Case summary for
           
          <strong>
            90001
          </strong>
           
          completed by
           
          <strong>
            Rich
          </strong>
        </div>
      </div>
      <dl
        class="ons-metadata ons-metadata__list ons-grid ons-grid--gutterless ons-u-cf ons-u-mb-no"
        style="margin: 2% 5% 2% 5%;"
        title="summary"
      >
        <dt
          class="ons-metadata__term ons-grid__col ons-col-3@m"
        >
          Serial Number
        </dt>
        <dd
          class="ons-metadata__value ons-grid__col ons-col-9@m"
        >
          90001
        </dd>
        <dt
          class="ons-metadata__term ons-grid__col ons-col-3@m"
        >
          Outcome code
        </dt>
        <dd
          class="ons-metadata__value ons-grid__col ons-col-9@m"
        >
          110
        </dd>
        <dt
          class="ons-metadata__term ons-grid__col ons-col-3@m"
        >
          Interview date
        </dt>
        <dd
          class="ons-metadata__value ons-grid__col ons-col-9@m"
        >
          Tue Jun 11 2024
        </dd>
        <dt
          class="ons-metadata__term ons-grid__col ons-col-3@m"
        >
          District
        </dt>
        <dd
          class="ons-metadata__value ons-grid__col ons-col-9@m"
        >
          Gwent
        </dd>
        <dt
          class="ons-metadata__term ons-grid__col ons-col-3@m"
        >
          Interviewer number
        </dt>
        <dd
          class="ons-metadata__value ons-grid__col ons-col-9@m"
        >
          2100
        </dd>
        <dt
          class="ons-metadata__term ons-grid__col ons-col-3@m"
        >
          Interviewer name
        </dt>
        <dd
          class="ons-metadata__value ons-grid__col ons-col-9@m"
        >
          Rich
        </dd>
        <dt
          class="ons-metadata__term ons-grid__col ons-col-3@m"
        >
          Address:
        </dt>
        <dd
          class="ons-metadata__value ons-grid__col ons-col-9@m"
        >
          Flat 1
        </dd>
        <dd
          class="ons-metadata__value ons-grid__col ons-col-9@m"
        >
          Richmond House
        </dd>
        <dd
          class="ons-metadata__value ons-grid__col ons-col-9@m"
        >
          Rice Road
        </dd>
        <dd
          class="ons-metadata__value ons-grid__col ons-col-9@m"
        >
          Duffrin
        </dd>
        <dd
          class="ons-metadata__value ons-grid__col ons-col-9@m"
        >
          Newport
        </dd>
        <dd
          class="ons-metadata__value ons-grid__col ons-col-9@m"
        >
          Gwent
        </dd>
        <dd
          class="ons-metadata__value ons-grid__col ons-col-9@m"
        >
          NZ11 4PD
        </dd>
        <dt
          class="ons-metadata__term ons-grid__col ons-col-3@m"
        >
          Type of accommodation
        </dt>
        <dd
          class="ons-metadata__value ons-grid__col ons-col-9@m"
        />
        <dt
          class="ons-metadata__term ons-grid__col ons-col-3@m"
        >
          Floor number
        </dt>
        <dd
          class="ons-metadata__value ons-grid__col ons-col-9@m"
        >
          0
        </dd>
        <dt
          class="ons-metadata__term ons-grid__col ons-col-3@m"
        >
          Household status
        </dt>
        <dd
          class="ons-metadata__value ons-grid__col ons-col-9@m"
        />
        <dt
          class="ons-metadata__term ons-grid__col ons-col-3@m"
        >
          Number of bedrooms
        </dt>
        <dd
          class="ons-metadata__value ons-grid__col ons-col-9@m"
        >
          1
        </dd>
        <dt
          class="ons-metadata__term ons-grid__col ons-col-3@m"
        >
          Receipt of housing benefit
        </dt>
        <dd
          class="ons-metadata__value ons-grid__col ons-col-9@m"
        >
          380
        </dd>
        <dt
          class="ons-metadata__term ons-grid__col ons-col-3@m"
        >
          Period code
        </dt>
        <dd
          class="ons-metadata__value ons-grid__col ons-col-9@m"
        >
          380
        </dd>
        <dt
          class="ons-metadata__term ons-grid__col ons-col-3@m"
        >
          Council tax band
        </dt>
        <dd
          class="ons-metadata__value ons-grid__col ons-col-9@m"
        >
          band A
        </dd>
        <dt
          class="ons-metadata__term ons-grid__col ons-col-3@m"
        >
          Business room?
        </dt>
        <dd
          class="ons-metadata__value ons-grid__col ons-col-9@m"
        />
        <dt
          class="ons-metadata__term ons-grid__col ons-col-3@m"
        >
          Anyone self emplyed?
        </dt>
        <dd
          class="ons-metadata__value ons-grid__col ons-col-9@m"
        />
        <dt
          class="ons-metadata__term ons-grid__col ons-col-3@m"
        >
          H/H members
        </dt>
        <dd
          class="ons-metadata__value ons-grid__col ons-col-9@m"
        />
        <dt
          class="ons-metadata__term ons-grid__col ons-col-3@m"
        >
          Income support received now
        </dt>
        <dd
          class="ons-metadata__value ons-grid__col ons-col-9@m"
        />
        <dt
          class="ons-metadata__term ons-grid__col ons-col-3@m"
        >
          H/H members
        </dt>
        <dd
          class="ons-metadata__value ons-grid__col ons-col-9@m"
        />
        <dt
          class="ons-metadata__term ons-grid__col ons-col-3@m"
        >
          Income based JA received now
        </dt>
        <dd
          class="ons-metadata__value ons-grid__col ons-col-9@m"
        />
        <dt
          class="ons-metadata__term ons-grid__col ons-col-3@m"
        >
          H/H members
        </dt>
        <dd
          class="ons-metadata__value ons-grid__col ons-col-9@m"
        />
        <dt
          class="ons-metadata__term ons-grid__col ons-col-3@m"
        >
          Household size:
        </dt>
        <dd
          class="ons-metadata__value ons-grid__col ons-col-9@m"
        >
          2
        </dd>
        <dt
          class="ons-metadata__term ons-grid__col ons-col-3@m"
        >
          Respondents:
        </dt>
        <dd
          class="ons-metadata__value ons-grid__col ons-col-9@m"
        >
          Richmond Ricecake
           
          Fri Feb 15 1980
        </dd>
        <dd
          class="ons-metadata__value ons-grid__col ons-col-9@m"
        >
          Bartholomew Edgar
           
          Sun Jun 11 1995
        </dd>
        <dt
          class="ons-metadata__term ons-grid__col ons-col-3@m"
        >
          Notes:
        </dt>
        <dd
          class="ons-metadata__value ons-grid__col ons-col-9@m"
        >
          These are the notes that the editor has made and has been extracted from the quetsionnarie. They may be able to be edited and saved again in this screen. If this is what you wish to do?
        </dd>
      </dl>
    </div>
  </div>,
  "debug": [Function],
  "findAllByAltText": [Function],
  "findAllByDisplayValue": [Function],
  "findAllByLabelText": [Function],
  "findAllByPlaceholderText": [Function],
  "findAllByRole": [Function],
  "findAllByTestId": [Function],
  "findAllByText": [Function],
  "findAllByTitle": [Function],
  "findByAltText": [Function],
  "findByDisplayValue": [Function],
  "findByLabelText": [Function],
  "findByPlaceholderText": [Function],
  "findByRole": [Function],
  "findByTestId": [Function],
  "findByText": [Function],
  "findByTitle": [Function],
  "getAllByAltText": [Function],
  "getAllByDisplayValue": [Function],
  "getAllByLabelText": [Function],
  "getAllByPlaceholderText": [Function],
  "getAllByRole": [Function],
  "getAllByTestId": [Function],
  "getAllByText": [Function],
  "getAllByTitle": [Function],
  "getByAltText": [Function],
  "getByDisplayValue": [Function],
  "getByLabelText": [Function],
  "getByPlaceholderText": [Function],
  "getByRole": [Function],
  "getByTestId": [Function],
  "getByText": [Function],
  "getByTitle": [Function],
  "queryAllByAltText": [Function],
  "queryAllByDisplayValue": [Function],
  "queryAllByLabelText": [Function],
  "queryAllByPlaceholderText": [Function],
  "queryAllByRole": [Function],
  "queryAllByTestId": [Function],
  "queryAllByText": [Function],
  "queryAllByTitle": [Function],
  "queryByAltText": [Function],
  "queryByDisplayValue": [Function],
  "queryByLabelText": [Function],
  "queryByPlaceholderText": [Function],
  "queryByRole": [Function],
  "queryByTestId": [Function],
  "queryByText": [Function],
  "queryByTitle": [Function],
  "rerender": [Function],
  "unmount": [Function],
}
`;
